// Vitest Snapshot v1, https://vitest.dev/guide/snapshot.html

exports[`Layout renders correctly 1`] = `undefined`;
